Archive member included to satisfy reference by file (symbol)

../Middlewares/ST/ARM/DSP/Lib\libarm_cortexM4lf_math.a(arm_sin_f32.o)
                              ./Core/Src/main.o (arm_sin_f32)
../Middlewares/ST/ARM/DSP/Lib\libarm_cortexM4lf_math.a(arm_common_tables.o)
                              ../Middlewares/ST/ARM/DSP/Lib\libarm_cortexM4lf_math.a(arm_sin_f32.o) (sinTable_f32)
C:/ST/STM32CubeIDE_1.17.0/STM32CubeIDE/plugins/com.st.stm32cube.ide.mcu.externaltools.gnu-tools-for-stm32.12.3.rel1.win32_1.1.0.202410251130/tools/bin/../lib/gcc/arm-none-eabi/12.3.1/../../../../arm-none-eabi/lib/thumb/v7e-m+fp/hard\libc_nano.a(libc_a-exit.o)
                              C:/ST/STM32CubeIDE_1.17.0/STM32CubeIDE/plugins/com.st.stm32cube.ide.mcu.externaltools.gnu-tools-for-stm32.12.3.rel1.win32_1.1.0.202410251130/tools/bin/../lib/gcc/arm-none-eabi/12.3.1/../../../../arm-none-eabi/lib/thumb/v7e-m+fp/hard/crt0.o (exit)
C:/ST/STM32CubeIDE_1.17.0/STM32CubeIDE/plugins/com.st.stm32cube.ide.mcu.externaltools.gnu-tools-for-stm32.12.3.rel1.win32_1.1.0.202410251130/tools/bin/../lib/gcc/arm-none-eabi/12.3.1/../../../../arm-none-eabi/lib/thumb/v7e-m+fp/hard\libc_nano.a(libc_a-findfp.o)
                              C:/ST/STM32CubeIDE_1.17.0/STM32CubeIDE/plugins/com.st.stm32cube.ide.mcu.externaltools.gnu-tools-for-stm32.12.3.rel1.win32_1.1.0.202410251130/tools/bin/../lib/gcc/arm-none-eabi/12.3.1/../../../../arm-none-eabi/lib/thumb/v7e-m+fp/hard\libc_nano.a(libc_a-exit.o) (__stdio_exit_handler)
C:/ST/STM32CubeIDE_1.17.0/STM32CubeIDE/plugins/com.st.stm32cube.ide.mcu.externaltools.gnu-tools-for-stm32.12.3.rel1.win32_1.1.0.202410251130/tools/bin/../lib/gcc/arm-none-eabi/12.3.1/../../../../arm-none-eabi/lib/thumb/v7e-m+fp/hard\libc_nano.a(libc_a-fwalk.o)
                              C:/ST/STM32CubeIDE_1.17.0/STM32CubeIDE/plugins/com.st.stm32cube.ide.mcu.externaltools.gnu-tools-for-stm32.12.3.rel1.win32_1.1.0.202410251130/tools/bin/../lib/gcc/arm-none-eabi/12.3.1/../../../../arm-none-eabi/lib/thumb/v7e-m+fp/hard\libc_nano.a(libc_a-findfp.o) (_fwalk_sglue)
C:/ST/STM32CubeIDE_1.17.0/STM32CubeIDE/plugins/com.st.stm32cube.ide.mcu.externaltools.gnu-tools-for-stm32.12.3.rel1.win32_1.1.0.202410251130/tools/bin/../lib/gcc/arm-none-eabi/12.3.1/../../../../arm-none-eabi/lib/thumb/v7e-m+fp/hard\libc_nano.a(libc_a-stdio.o)
                              C:/ST/STM32CubeIDE_1.17.0/STM32CubeIDE/plugins/com.st.stm32cube.ide.mcu.externaltools.gnu-tools-for-stm32.12.3.rel1.win32_1.1.0.202410251130/tools/bin/../lib/gcc/arm-none-eabi/12.3.1/../../../../arm-none-eabi/lib/thumb/v7e-m+fp/hard\libc_nano.a(libc_a-findfp.o) (__sread)
C:/ST/STM32CubeIDE_1.17.0/STM32CubeIDE/plugins/com.st.stm32cube.ide.mcu.externaltools.gnu-tools-for-stm32.12.3.rel1.win32_1.1.0.202410251130/tools/bin/../lib/gcc/arm-none-eabi/12.3.1/../../../../arm-none-eabi/lib/thumb/v7e-m+fp/hard\libc_nano.a(libc_a-memset.o)
                              C:/ST/STM32CubeIDE_1.17.0/STM32CubeIDE/plugins/com.st.stm32cube.ide.mcu.externaltools.gnu-tools-for-stm32.12.3.rel1.win32_1.1.0.202410251130/tools/bin/../lib/gcc/arm-none-eabi/12.3.1/../../../../arm-none-eabi/lib/thumb/v7e-m+fp/hard/crt0.o (memset)
C:/ST/STM32CubeIDE_1.17.0/STM32CubeIDE/plugins/com.st.stm32cube.ide.mcu.externaltools.gnu-tools-for-stm32.12.3.rel1.win32_1.1.0.202410251130/tools/bin/../lib/gcc/arm-none-eabi/12.3.1/../../../../arm-none-eabi/lib/thumb/v7e-m+fp/hard\libc_nano.a(libc_a-closer.o)
                              C:/ST/STM32CubeIDE_1.17.0/STM32CubeIDE/plugins/com.st.stm32cube.ide.mcu.externaltools.gnu-tools-for-stm32.12.3.rel1.win32_1.1.0.202410251130/tools/bin/../lib/gcc/arm-none-eabi/12.3.1/../../../../arm-none-eabi/lib/thumb/v7e-m+fp/hard\libc_nano.a(libc_a-stdio.o) (_close_r)
C:/ST/STM32CubeIDE_1.17.0/STM32CubeIDE/plugins/com.st.stm32cube.ide.mcu.externaltools.gnu-tools-for-stm32.12.3.rel1.win32_1.1.0.202410251130/tools/bin/../lib/gcc/arm-none-eabi/12.3.1/../../../../arm-none-eabi/lib/thumb/v7e-m+fp/hard\libc_nano.a(libc_a-reent.o)
                              C:/ST/STM32CubeIDE_1.17.0/STM32CubeIDE/plugins/com.st.stm32cube.ide.mcu.externaltools.gnu-tools-for-stm32.12.3.rel1.win32_1.1.0.202410251130/tools/bin/../lib/gcc/arm-none-eabi/12.3.1/../../../../arm-none-eabi/lib/thumb/v7e-m+fp/hard\libc_nano.a(libc_a-closer.o) (errno)
C:/ST/STM32CubeIDE_1.17.0/STM32CubeIDE/plugins/com.st.stm32cube.ide.mcu.externaltools.gnu-tools-for-stm32.12.3.rel1.win32_1.1.0.202410251130/tools/bin/../lib/gcc/arm-none-eabi/12.3.1/../../../../arm-none-eabi/lib/thumb/v7e-m+fp/hard\libc_nano.a(libc_a-impure.o)
                              C:/ST/STM32CubeIDE_1.17.0/STM32CubeIDE/plugins/com.st.stm32cube.ide.mcu.externaltools.gnu-tools-for-stm32.12.3.rel1.win32_1.1.0.202410251130/tools/bin/../lib/gcc/arm-none-eabi/12.3.1/../../../../arm-none-eabi/lib/thumb/v7e-m+fp/hard\libc_nano.a(libc_a-reent.o) (_impure_ptr)
[...]
Memory Configuration

Name             Origin             Length             Attributes
RAM              0x20000000         0x00020000         xrw
FLASH            0x08000000         0x00080000         xr
*default*        0x00000000         0xffffffff

Linker script and memory map

LOAD C:/ST/STM32CubeIDE_1.17.0/STM32CubeIDE/plugins/com.st.stm32cube.ide.mcu.externaltools.gnu-tools-for-stm32.12.3.rel1.win32_1.1.0.202410251130/tools/bin/../lib/gcc/arm-none-eabi/12.3.1/thumb/v7e-m+fp/hard/crti.o
LOAD C:/ST/STM32CubeIDE_1.17.0/STM32CubeIDE/plugins/com.st.stm32cube.ide.mcu.externaltools.gnu-tools-for-stm32.12.3.rel1.win32_1.1.0.202410251130/tools/bin/../lib/gcc/arm-none-eabi/12.3.1/thumb/v7e-m+fp/hard/crtbegin.o
LOAD C:/ST/STM32CubeIDE_1.17.0/STM32CubeIDE/plugins/com.st.stm32cube.ide.mcu.externaltools.gnu-tools-for-stm32.12.3.rel1.win32_1.1.0.202410251130/tools/bin/../lib/gcc/arm-none-eabi/12.3.1/../../../../arm-none-eabi/lib/thumb/v7e-m+fp/hard/crt0.o
LOAD ./Core/Src/dma.o
LOAD ./Core/Src/gpio.o
LOAD ./Core/Src/main.o
LOAD ./Core/Src/stm32f4xx_hal_msp.o
LOAD ./Core/Src/stm32f4xx_it.o
LOAD ./Core/Src/syscalls.o
LOAD ./Core/Src/sysmem.o
LOAD ./Core/Src/system_stm32f4xx.o
LOAD ./Core/Src/tim.o
LOAD ./Core/Startup/startup_stm32f411ceux.o
LOAD ./Drivers/STM32F4xx_HAL_Driver/Src/stm32f4xx_hal.o
LOAD ./Drivers/STM32F4xx_HAL_Driver/Src/stm32f4xx_hal_cortex.o
LOAD ./Drivers/STM32F4xx_HAL_Driver/Src/stm32f4xx_hal_dma.o
LOAD ./Drivers/STM32F4xx_HAL_Driver/Src/stm32f4xx_hal_dma_ex.o
LOAD ./Drivers/STM32F4xx_HAL_Driver/Src/stm32f4xx_hal_exti.o
LOAD ./Drivers/STM32F4xx_HAL_Driver/Src/stm32f4xx_hal_flash.o
LOAD ./Drivers/STM32F4xx_HAL_Driver/Src/stm32f4xx_hal_flash_ex.o
LOAD ./Drivers/STM32F4xx_HAL_Driver/Src/stm32f4xx_hal_flash_ramfunc.o
LOAD ./Drivers/STM32F4xx_HAL_Driver/Src/stm32f4xx_hal_gpio.o
LOAD ./Drivers/STM32F4xx_HAL_Driver/Src/stm32f4xx_hal_pwr.o
LOAD ./Drivers/STM32F4xx_HAL_Driver/Src/stm32f4xx_hal_pwr_ex.o
LOAD ./Drivers/STM32F4xx_HAL_Driver/Src/stm32f4xx_hal_rcc.o
LOAD ./Drivers/STM32F4xx_HAL_Driver/Src/stm32f4xx_hal_rcc_ex.o
LOAD ./Drivers/STM32F4xx_HAL_Driver/Src/stm32f4xx_hal_tim.o
LOAD ./Drivers/STM32F4xx_HAL_Driver/Src/stm32f4xx_hal_tim_ex.o
LOAD ../Middlewares/ST/ARM/DSP/Lib\libarm_cortexM4lf_math.a
START GROUP
LOAD C:/ST/STM32CubeIDE_1.17.0/STM32CubeIDE/plugins/com.st.stm32cube.ide.mcu.externaltools.gnu-tools-for-stm32.12.3.rel1.win32_1.1.0.202410251130/tools/bin/../lib/gcc/arm-none-eabi/12.3.1/../../../../arm-none-eabi/lib/thumb/v7e-m+fp/hard\libc_nano.a
LOAD C:/ST/STM32CubeIDE_1.17.0/STM32CubeIDE/plugins/com.st.stm32cube.ide.mcu.externaltools.gnu-tools-for-stm32.12.3.rel1.win32_1.1.0.202410251130/tools/bin/../lib/gcc/arm-none-eabi/12.3.1/../../../../arm-none-eabi/lib/thumb/v7e-m+fp/hard\libm.a
END GROUP
START GROUP
LOAD C:/ST/STM32CubeIDE_1.17.0/STM32CubeIDE/plugins/com.st.stm32cube.ide.mcu.externaltools.gnu-tools-for-stm32.12.3.rel1.win32_1.1.0.202410251130/tools/bin/../lib/gcc/arm-none-eabi/12.3.1/thumb/v7e-m+fp/hard\libgcc.a
LOAD C:/ST/STM32CubeIDE_1.17.0/STM32CubeIDE/plugins/com.st.stm32cube.ide.mcu.externaltools.gnu-tools-for-stm32.12.3.rel1.win32_1.1.0.202410251130/tools/bin/../lib/gcc/arm-none-eabi/12.3.1/../../../../arm-none-eabi/lib/thumb/v7e-m+fp/hard\libc_nano.a
END GROUP
START GROUP
LOAD C:/ST/STM32CubeIDE_1.17.0/STM32CubeIDE/plugins/com.st.stm32cube.ide.mcu.externaltools.gnu-tools-for-stm32.12.3.rel1.win32_1.1.0.202410251130/tools/bin/../lib/gcc/arm-none-eabi/12.3.1/thumb/v7e-m+fp/hard\libgcc.a
LOAD C:/ST/STM32CubeIDE_1.17.0/STM32CubeIDE/plugins/com.st.stm32cube.ide.mcu.externaltools.gnu-tools-for-stm32.12.3.rel1.win32_1.1.0.202410251130/tools/bin/../lib/gcc/arm-none-eabi/12.3.1/../../../../arm-none-eabi/lib/thumb/v7e-m+fp/hard\libc_nano.a
LOAD C:/ST/STM32CubeIDE_1.17.0/STM32CubeIDE/plugins/com.st.stm32cube.ide.mcu.externaltools.gnu-tools-for-stm32.12.3.rel1.win32_1.1.0.202410251130/tools/bin/../lib/gcc/arm-none-eabi/12.3.1/../../../../arm-none-eabi/lib/thumb/v7e-m+fp/hard\libnosys.a
END GROUP
START GROUP
LOAD C:/ST/STM32CubeIDE_1.17.0/STM32CubeIDE/plugins/com.st.stm32cube.ide.mcu.externaltools.gnu-tools-for-stm32.12.3.rel1.win32_1.1.0.202410251130/tools/bin/../lib/gcc/arm-none-eabi/12.3.1/thumb/v7e-m+fp/hard\libgcc.a
LOAD C:/ST/STM32CubeIDE_1.17.0/STM32CubeIDE/plugins/com.st.stm32cube.ide.mcu.externaltools.gnu-tools-for-stm32.12.3.rel1.win32_1.1.0.202410251130/tools/bin/../lib/gcc/arm-none-eabi/12.3.1/../../../../arm-none-eabi/lib/thumb/v7e-m+fp/hard\libc_nano.a
LOAD C:/ST/STM32CubeIDE_1.17.0/STM32CubeIDE/plugins/com.st.stm32cube.ide.mcu.externaltools.gnu-tools-for-stm32.12.3.rel1.win32_1.1.0.202410251130/tools/bin/../lib/gcc/arm-none-eabi/12.3.1/../../../../arm-none-eabi/lib/thumb/v7e-m+fp/hard\libnosys.a
END GROUP
LOAD C:/ST/STM32CubeIDE_1.17.0/STM32CubeIDE/plugins/com.st.stm32cube.ide.mcu.externaltools.gnu-tools-for-stm32.12.3.rel1.win32_1.1.0.202410251130/tools/bin/../lib/gcc/arm-none-eabi/12.3.1/thumb/v7e-m+fp/hard/crtend.o
LOAD C:/ST/STM32CubeIDE_1.17.0/STM32CubeIDE/plugins/com.st.stm32cube.ide.mcu.externaltools.gnu-tools-for-stm32.12.3.rel1.win32_1.1.0.202410251130/tools/bin/../lib/gcc/arm-none-eabi/12.3.1/thumb/v7e-m+fp/hard/crtn.o
                0x20020000                        _estack = (ORIGIN (RAM) + LENGTH (RAM))
                0x00000200                        _Min_Heap_Size = 0x200
                0x00000400                        _Min_Stack_Size = 0x400

.isr_vector     0x08000000      0x198
                0x08000000                        . = ALIGN (0x4)
 *(.isr_vector)
 .isr_vector    0x08000000      0x198 ./Core/Startup/startup_stm32f411ceux.o
                0x08000000                g_pfnVectors
                0x08000198                        . = ALIGN (0x4)

.text           0x08000198     0x3378
                0x08000198                        . = ALIGN (0x4)
 *(.text)
 .text          0x08000198       0x40 C:/ST/STM32CubeIDE_1.17.0/STM32CubeIDE/plugins/com.st.stm32cube.ide.mcu.externaltools.gnu-tools-for-stm32.12.3.rel1.win32_1.1.0.202410251130/tools/bin/../lib/gcc/arm-none-eabi/12.3.1/thumb/v7e-m+fp/hard/crtbegin.o
 .text          0x080001d8       0x30 C:/ST/STM32CubeIDE_1.17.0/STM32CubeIDE/plugins/com.st.stm32cube.ide.mcu.externaltools.gnu-tools-for-stm32.12.3.rel1.win32_1.1.0.202410251130/tools/bin/../lib/gcc/arm-none-eabi/12.3.1/thumb/v7e-m+fp/hard\libgcc.a(_aeabi_uldivmod.o)
                0x080001d8                __aeabi_uldivmod
 .text          0x08000208      0x2bc C:/ST/STM32CubeIDE_1.17.0/STM32CubeIDE/plugins/com.st.stm32cube.ide.mcu.externaltools.gnu-tools-for-stm32.12.3.rel1.win32_1.1.0.202410251130/tools/bin/../lib/gcc/arm-none-eabi/12.3.1/thumb/v7e-m+fp/hard\libgcc.a(_udivmoddi4.o)
                0x08000208                __udivmoddi4
 .text          0x080004c4        0x4 C:/ST/STM32CubeIDE_1.17.0/STM32CubeIDE/plugins/com.st.stm32cube.ide.mcu.externaltools.gnu-tools-for-stm32.12.3.rel1.win32_1.1.0.202410251130/tools/bin/../lib/gcc/arm-none-eabi/12.3.1/thumb/v7e-m+fp/hard\libgcc.a(_dvmd_tls.o)
                0x080004c4                __aeabi_idiv0
                0x080004c4                __aeabi_ldiv0
 *(.text*)
 .text.MX_DMA_Init
                0x080004c8       0x40 ./Core/Src/dma.o
                0x080004c8                MX_DMA_Init
 .text.MX_GPIO_Init
                0x08000508       0x50 ./Core/Src/gpio.o
                0x08000508                MX_GPIO_Init
 .text.main     0x08000558      0x214 ./Core/Src/main.o
                0x08000558                main
 .text.SystemClock_Config
                0x0800076c       0xd0 ./Core/Src/main.o
                0x0800076c                SystemClock_Config
 .text.Error_Handler
                0x0800083c        0xc ./Core/Src/main.o
                0x0800083c                Error_Handler
 .text.HAL_MspInit
                0x08000848       0x50 ./Core/Src/stm32f4xx_hal_msp.o
                0x08000848                HAL_MspInit
 .text.NMI_Handler
                0x08000898        0x8 ./Core/Src/stm32f4xx_it.o
                0x08000898                NMI_Handler
 .text.HardFault_Handler
                0x080008a0        0x8 ./Core/Src/stm32f4xx_it.o
                0x080008a0                HardFault_Handler
 .text.MemManage_Handler
                0x080008a8        0x8 ./Core/Src/stm32f4xx_it.o
                0x080008a8                MemManage_Handler
 .text.BusFault_Handler
                0x080008b0        0x8 ./Core/Src/stm32f4xx_it.o
                0x080008b0                BusFault_Handler
 .text.UsageFault_Handler
                0x080008b8        0x8 ./Core/Src/stm32f4xx_it.o
                0x080008b8                UsageFault_Handler
 .text.SVC_Handler
                0x080008c0        0xe ./Core/Src/stm32f4xx_it.o
                0x080008c0                SVC_Handler
 .text.DebugMon_Handler
                0x080008ce        0xe ./Core/Src/stm32f4xx_it.o
                0x080008ce                DebugMon_Handler
 .text.PendSV_Handler
                0x080008dc        0xe ./Core/Src/stm32f4xx_it.o
                0x080008dc                PendSV_Handler
 .text.SysTick_Handler
                0x080008ea        0xc ./Core/Src/stm32f4xx_it.o
                0x080008ea                SysTick_Handler
 *fill*         0x080008f6        0x2 
 .text.DMA2_Stream5_IRQHandler
                0x080008f8       0x14 ./Core/Src/stm32f4xx_it.o
                0x080008f8                DMA2_Stream5_IRQHandler
 .text.SystemInit
                0x0800090c       0x24 ./Core/Src/system_stm32f4xx.o
                0x0800090c                SystemInit
 .text.MX_TIM1_Init
                0x08000930      0x170 ./Core/Src/tim.o
                0x08000930                MX_TIM1_Init
 .text.HAL_TIM_Base_MspInit
                0x08000aa0       0xa8 ./Core/Src/tim.o
                0x08000aa0                HAL_TIM_Base_MspInit
 .text.HAL_TIM_MspPostInit
                0x08000b48       0x74 ./Core/Src/tim.o
                0x08000b48                HAL_TIM_MspPostInit
 .text.Reset_Handler
                0x08000bbc       0x50 ./Core/Startup/startup_stm32f411ceux.o
                0x08000bbc                Reset_Handler
 .text.Default_Handler
                0x08000c0c        0x2 ./Core/Startup/startup_stm32f411ceux.o
                0x08000c0c                RTC_Alarm_IRQHandler
                0x08000c0c                EXTI2_IRQHandler
                0x08000c0c                SPI4_IRQHandler
                0x08000c0c                TIM1_CC_IRQHandler
                0x08000c0c                DMA1_Stream5_IRQHandler
                0x08000c0c                PVD_IRQHandler
                0x08000c0c                SDIO_IRQHandler
                0x08000c0c                TAMP_STAMP_IRQHandler
                0x08000c0c                EXTI3_IRQHandler
                0x08000c0c                TIM1_UP_TIM10_IRQHandler
                0x08000c0c                I2C3_ER_IRQHandler
                0x08000c0c                EXTI0_IRQHandler
                0x08000c0c                I2C2_EV_IRQHandler
                0x08000c0c                DMA1_Stream2_IRQHandler
                0x08000c0c                FPU_IRQHandler
                0x08000c0c                DMA2_Stream2_IRQHandler
                0x08000c0c                SPI1_IRQHandler
                0x08000c0c                TIM1_BRK_TIM9_IRQHandler
                0x08000c0c                DMA2_Stream3_IRQHandler
                0x08000c0c                USART6_IRQHandler
                0x08000c0c                DMA2_Stream0_IRQHandler
                0x08000c0c                TIM4_IRQHandler
                0x08000c0c                I2C1_EV_IRQHandler
                0x08000c0c                DMA1_Stream6_IRQHandler
                0x08000c0c                DMA1_Stream1_IRQHandler
                0x08000c0c                TIM3_IRQHandler
                0x08000c0c                RCC_IRQHandler
                0x08000c0c                Default_Handler
                0x08000c0c                EXTI15_10_IRQHandler
                0x08000c0c                ADC_IRQHandler
                0x08000c0c                DMA1_Stream7_IRQHandler
                0x08000c0c                SPI5_IRQHandler
                0x08000c0c                TIM5_IRQHandler
                0x08000c0c                DMA2_Stream7_IRQHandler
                0x08000c0c                I2C3_EV_IRQHandler
                0x08000c0c                EXTI9_5_IRQHandler
                0x08000c0c                RTC_WKUP_IRQHandler
                0x08000c0c                SPI2_IRQHandler
                0x08000c0c                DMA1_Stream0_IRQHandler
                0x08000c0c                EXTI4_IRQHandler
                0x08000c0c                WWDG_IRQHandler
                0x08000c0c                TIM2_IRQHandler
                0x08000c0c                OTG_FS_WKUP_IRQHandler
                0x08000c0c                TIM1_TRG_COM_TIM11_IRQHandler
                0x08000c0c                EXTI1_IRQHandler
                0x08000c0c                USART2_IRQHandler
                0x08000c0c                I2C2_ER_IRQHandler
                0x08000c0c                DMA2_Stream1_IRQHandler
                0x08000c0c                FLASH_IRQHandler
                0x08000c0c                DMA2_Stream4_IRQHandler
                0x08000c0c                USART1_IRQHandler
                0x08000c0c                OTG_FS_IRQHandler
                0x08000c0c                SPI3_IRQHandler
                0x08000c0c                DMA1_Stream4_IRQHandler
                0x08000c0c                I2C1_ER_IRQHandler
                0x08000c0c                DMA2_Stream6_IRQHandler
                0x08000c0c                DMA1_Stream3_IRQHandler
 *fill*         0x08000c0e        0x2 
 .text.HAL_Init
                0x08000c10       0x44 ./Drivers/STM32F4xx_HAL_Driver/Src/stm32f4xx_hal.o
                0x08000c10                HAL_Init
 .text.HAL_InitTick
                0x08000c54       0x60 ./Drivers/STM32F4xx_HAL_Driver/Src/stm32f4xx_hal.o
                0x08000c54                HAL_InitTick
 .text.HAL_IncTick
                0x08000cb4       0x28 ./Drivers/STM32F4xx_HAL_Driver/Src/stm32f4xx_hal.o
                0x08000cb4                HAL_IncTick
 .text.HAL_GetTick
                0x08000cdc       0x18 ./Drivers/STM32F4xx_HAL_Driver/Src/stm32f4xx_hal.o
                0x08000cdc                HAL_GetTick
 .text.__NVIC_SetPriorityGrouping
                0x08000cf4       0x48 ./Drivers/STM32F4xx_HAL_Driver/Src/stm32f4xx_hal_cortex.o
 .text.__NVIC_GetPriorityGrouping
                0x08000d3c       0x1c ./Drivers/STM32F4xx_HAL_Driver/Src/stm32f4xx_hal_cortex.o
 .text.__NVIC_EnableIRQ
                0x08000d58       0x3c ./Drivers/STM32F4xx_HAL_Driver/Src/stm32f4xx_hal_cortex.o
 .text.__NVIC_SetPriority
                0x08000d94       0x54 ./Drivers/STM32F4xx_HAL_Driver/Src/stm32f4xx_hal_cortex.o
 .text.NVIC_EncodePriority
                0x08000de8       0x66 ./Drivers/STM32F4xx_HAL_Driver/Src/stm32f4xx_hal_cortex.o
 *fill*         0x08000e4e        0x2 
 .text.SysTick_Config
                0x08000e50       0x44 ./Drivers/STM32F4xx_HAL_Driver/Src/stm32f4xx_hal_cortex.o
 .text.HAL_NVIC_SetPriorityGrouping
                0x08000e94       0x16 ./Drivers/STM32F4xx_HAL_Driver/Src/stm32f4xx_hal_cortex.o
                0x08000e94                HAL_NVIC_SetPriorityGrouping
 .text.HAL_NVIC_SetPriority
                0x08000eaa       0x38 ./Drivers/STM32F4xx_HAL_Driver/Src/stm32f4xx_hal_cortex.o
                0x08000eaa                HAL_NVIC_SetPriority
 .text.HAL_NVIC_EnableIRQ
                0x08000ee2       0x1c ./Drivers/STM32F4xx_HAL_Driver/Src/stm32f4xx_hal_cortex.o
                0x08000ee2                HAL_NVIC_EnableIRQ
 .text.HAL_SYSTICK_Config
                0x08000efe       0x18 ./Drivers/STM32F4xx_HAL_Driver/Src/stm32f4xx_hal_cortex.o
                0x08000efe                HAL_SYSTICK_Config
 *fill*         0x08000f16        0x2 
 .text.HAL_DMA_Init
                0x08000f18      0x15c ./Drivers/STM32F4xx_HAL_Driver/Src/stm32f4xx_hal_dma.o
                0x08000f18                HAL_DMA_Init
 .text.HAL_DMA_Start_IT
                0x08001074       0xb0 ./Drivers/STM32F4xx_HAL_Driver/Src/stm32f4xx_hal_dma.o
                0x08001074                HAL_DMA_Start_IT
 .text.HAL_DMA_IRQHandler
                0x08001124      0x314 ./Drivers/STM32F4xx_HAL_Driver/Src/stm32f4xx_hal_dma.o
                0x08001124                HAL_DMA_IRQHandler
 .text.DMA_SetConfig
                0x08001438       0x5c ./Drivers/STM32F4xx_HAL_Driver/Src/stm32f4xx_hal_dma.o
 .text.DMA_CalcBaseAndBitshift
                0x08001494       0x6c ./Drivers/STM32F4xx_HAL_Driver/Src/stm32f4xx_hal_dma.o
 .text.DMA_CheckFifoParam
                0x08001500       0xf8 ./Drivers/STM32F4xx_HAL_Driver/Src/stm32f4xx_hal_dma.o
 .text.HAL_GPIO_Init
                0x080015f8      0x308 ./Drivers/STM32F4xx_HAL_Driver/Src/stm32f4xx_hal_gpio.o
                0x080015f8                HAL_GPIO_Init
 .text.HAL_RCC_OscConfig
                0x08001900      0x4f0 ./Drivers/STM32F4xx_HAL_Driver/Src/stm32f4xx_hal_rcc.o
                0x08001900                HAL_RCC_OscConfig
 .text.HAL_RCC_ClockConfig
                0x08001df0      0x1cc ./Drivers/STM32F4xx_HAL_Driver/Src/stm32f4xx_hal_rcc.o
                0x08001df0                HAL_RCC_ClockConfig
 .text.HAL_RCC_GetSysClockFreq
                0x08001fbc      0x18c ./Drivers/STM32F4xx_HAL_Driver/Src/stm32f4xx_hal_rcc.o
                0x08001fbc                HAL_RCC_GetSysClockFreq
 .text.HAL_TIM_Base_Init
                0x08002148       0x9e ./Drivers/STM32F4xx_HAL_Driver/Src/stm32f4xx_hal_tim.o
                0x08002148                HAL_TIM_Base_Init
 .text.HAL_TIM_PWM_Init
                0x080021e6       0x9e ./Drivers/STM32F4xx_HAL_Driver/Src/stm32f4xx_hal_tim.o
                0x080021e6                HAL_TIM_PWM_Init
 .text.HAL_TIM_PWM_MspInit
                0x08002284       0x14 ./Drivers/STM32F4xx_HAL_Driver/Src/stm32f4xx_hal_tim.o
                0x08002284                HAL_TIM_PWM_MspInit
 .text.HAL_TIM_PWM_Start
                0x08002298      0x160 ./Drivers/STM32F4xx_HAL_Driver/Src/stm32f4xx_hal_tim.o
                0x08002298                HAL_TIM_PWM_Start
 .text.HAL_TIM_PWM_ConfigChannel
                0x080023f8      0x184 ./Drivers/STM32F4xx_HAL_Driver/Src/stm32f4xx_hal_tim.o
                0x080023f8                HAL_TIM_PWM_ConfigChannel
 .text.HAL_TIM_DMABurst_MultiWriteStart
                0x0800257c      0x2a8 ./Drivers/STM32F4xx_HAL_Driver/Src/stm32f4xx_hal_tim.o
                0x0800257c                HAL_TIM_DMABurst_MultiWriteStart
 .text.HAL_TIM_ConfigClockSource
                0x08002824      0x18e ./Drivers/STM32F4xx_HAL_Driver/Src/stm32f4xx_hal_tim.o
                0x08002824                HAL_TIM_ConfigClockSource
 .text.HAL_TIM_PeriodElapsedCallback
                0x080029b2       0x14 ./Drivers/STM32F4xx_HAL_Driver/Src/stm32f4xx_hal_tim.o
                0x080029b2                HAL_TIM_PeriodElapsedCallback
 .text.HAL_TIM_PeriodElapsedHalfCpltCallback
                0x080029c6       0x14 ./Drivers/STM32F4xx_HAL_Driver/Src/stm32f4xx_hal_tim.o
                0x080029c6                HAL_TIM_PeriodElapsedHalfCpltCallback
 .text.HAL_TIM_PWM_PulseFinishedCallback
                0x080029da       0x14 ./Drivers/STM32F4xx_HAL_Driver/Src/stm32f4xx_hal_tim.o
                0x080029da                HAL_TIM_PWM_PulseFinishedCallback
 .text.HAL_TIM_PWM_PulseFinishedHalfCpltCallback
                0x080029ee       0x14 ./Drivers/STM32F4xx_HAL_Driver/Src/stm32f4xx_hal_tim.o
                0x080029ee                HAL_TIM_PWM_PulseFinishedHalfCpltCallback
 .text.HAL_TIM_TriggerCallback
                0x08002a02       0x14 ./Drivers/STM32F4xx_HAL_Driver/Src/stm32f4xx_hal_tim.o
                0x08002a02                HAL_TIM_TriggerCallback
 .text.HAL_TIM_TriggerHalfCpltCallback
                0x08002a16       0x14 ./Drivers/STM32F4xx_HAL_Driver/Src/stm32f4xx_hal_tim.o
                0x08002a16                HAL_TIM_TriggerHalfCpltCallback
 .text.HAL_TIM_ErrorCallback
                0x08002a2a       0x14 ./Drivers/STM32F4xx_HAL_Driver/Src/stm32f4xx_hal_tim.o
                0x08002a2a                HAL_TIM_ErrorCallback
 .text.TIM_DMAError
                0x08002a3e       0x92 ./Drivers/STM32F4xx_HAL_Driver/Src/stm32f4xx_hal_tim.o
                0x08002a3e                TIM_DMAError
 .text.TIM_DMADelayPulseCplt
                0x08002ad0       0xa8 ./Drivers/STM32F4xx_HAL_Driver/Src/stm32f4xx_hal_tim.o
 .text.TIM_DMADelayPulseHalfCplt
                0x08002b78       0x68 ./Drivers/STM32F4xx_HAL_Driver/Src/stm32f4xx_hal_tim.o
                0x08002b78                TIM_DMADelayPulseHalfCplt
 .text.TIM_DMAPeriodElapsedCplt
                0x08002be0       0x2e ./Drivers/STM32F4xx_HAL_Driver/Src/stm32f4xx_hal_tim.o
 .text.TIM_DMAPeriodElapsedHalfCplt
                0x08002c0e       0x1c ./Drivers/STM32F4xx_HAL_Driver/Src/stm32f4xx_hal_tim.o
 .text.TIM_DMATriggerCplt
                0x08002c2a       0x2e ./Drivers/STM32F4xx_HAL_Driver/Src/stm32f4xx_hal_tim.o
 .text.TIM_DMATriggerHalfCplt
                0x08002c58       0x1c ./Drivers/STM32F4xx_HAL_Driver/Src/stm32f4xx_hal_tim.o
 .text.TIM_Base_SetConfig
                0x08002c74      0x118 ./Drivers/STM32F4xx_HAL_Driver/Src/stm32f4xx_hal_tim.o
                0x08002c74                TIM_Base_SetConfig
 .text.TIM_OC1_SetConfig
                0x08002d8c       0xcc ./Drivers/STM32F4xx_HAL_Driver/Src/stm32f4xx_hal_tim.o
 .text.TIM_OC2_SetConfig
                0x08002e58       0xd8 ./Drivers/STM32F4xx_HAL_Driver/Src/stm32f4xx_hal_tim.o
                0x08002e58                TIM_OC2_SetConfig
 .text.TIM_OC3_SetConfig
                0x08002f30       0xd4 ./Drivers/STM32F4xx_HAL_Driver/Src/stm32f4xx_hal_tim.o
 .text.TIM_OC4_SetConfig
                0x08003004       0xa0 ./Drivers/STM32F4xx_HAL_Driver/Src/stm32f4xx_hal_tim.o
 .text.TIM_TI1_ConfigInputStage
                0x080030a4       0x5e ./Drivers/STM32F4xx_HAL_Driver/Src/stm32f4xx_hal_tim.o
 .text.TIM_TI2_ConfigInputStage
                0x08003102       0x60 ./Drivers/STM32F4xx_HAL_Driver/Src/stm32f4xx_hal_tim.o
 .text.TIM_ITRx_SetConfig
                0x08003162       0x36 ./Drivers/STM32F4xx_HAL_Driver/Src/stm32f4xx_hal_tim.o
 .text.TIM_ETR_SetConfig
                0x08003198       0x40 ./Drivers/STM32F4xx_HAL_Driver/Src/stm32f4xx_hal_tim.o
                0x08003198                TIM_ETR_SetConfig
 .text.TIM_CCxChannelCmd
                0x080031d8       0x4a ./Drivers/STM32F4xx_HAL_Driver/Src/stm32f4xx_hal_tim.o
                0x080031d8                TIM_CCxChannelCmd
 *fill*         0x08003222        0x2 
 .text.HAL_TIMEx_MasterConfigSynchronization
                0x08003224       0xdc ./Drivers/STM32F4xx_HAL_Driver/Src/stm32f4xx_hal_tim_ex.o
                0x08003224                HAL_TIMEx_MasterConfigSynchronization
 .text.HAL_TIMEx_ConfigBreakDeadTime
                0x08003300       0xa4 ./Drivers/STM32F4xx_HAL_Driver/Src/stm32f4xx_hal_tim_ex.o
                0x08003300                HAL_TIMEx_ConfigBreakDeadTime
 .text.HAL_TIMEx_CommutCallback
                0x080033a4       0x14 ./Drivers/STM32F4xx_HAL_Driver/Src/stm32f4xx_hal_tim_ex.o
                0x080033a4                HAL_TIMEx_CommutCallback
 .text.HAL_TIMEx_CommutHalfCpltCallback
                0x080033b8       0x14 ./Drivers/STM32F4xx_HAL_Driver/Src/stm32f4xx_hal_tim_ex.o
                0x080033b8                HAL_TIMEx_CommutHalfCpltCallback
 .text.TIMEx_DMACommutationCplt
                0x080033cc       0x24 ./Drivers/STM32F4xx_HAL_Driver/Src/stm32f4xx_hal_tim_ex.o
                0x080033cc                TIMEx_DMACommutationCplt
 .text.TIMEx_DMACommutationHalfCplt
                0x080033f0       0x24 ./Drivers/STM32F4xx_HAL_Driver/Src/stm32f4xx_hal_tim_ex.o
                0x080033f0                TIMEx_DMACommutationHalfCplt
 .text.arm_sin_f32
                0x08003414       0x8c ../Middlewares/ST/ARM/DSP/Lib\libarm_cortexM4lf_math.a(arm_sin_f32.o)
                0x08003414                arm_sin_f32
 .text.memset   0x080034a0       0x10 C:/ST/STM32CubeIDE_1.17.0/STM32CubeIDE/plugins/com.st.stm32cube.ide.mcu.externaltools.gnu-tools-for-stm32.12.3.rel1.win32_1.1.0.202410251130/tools/bin/../lib/gcc/arm-none-eabi/12.3.1/../../../../arm-none-eabi/lib/thumb/v7e-m+fp/hard\libc_nano.a(libc_a-memset.o)
                0x080034a0                memset
 .text.__libc_init_array
                0x080034b0       0x48 C:/ST/STM32CubeIDE_1.17.0/STM32CubeIDE/plugins/com.st.stm32cube.ide.mcu.externaltools.gnu-tools-for-stm32.12.3.rel1.win32_1.1.0.202410251130/tools/bin/../lib/gcc/arm-none-eabi/12.3.1/../../../../arm-none-eabi/lib/thumb/v7e-m+fp/hard\libc_nano.a(libc_a-init.o)
                0x080034b0                __libc_init_array
 *(.glue_7)
 .glue_7        0x080034f8        0x0 linker stubs
 *(.glue_7t)
 .glue_7t       0x080034f8        0x0 linker stubs
 *(.eh_frame)
 .eh_frame      0x080034f8        0x0 C:/ST/STM32CubeIDE_1.17.0/STM32CubeIDE/plugins/com.st.stm32cube.ide.mcu.externaltools.gnu-tools-for-stm32.12.3.rel1.win32_1.1.0.202410251130/tools/bin/../lib/gcc/arm-none-eabi/12.3.1/thumb/v7e-m+fp/hard/crtbegin.o
 *(.init)
 .init          0x080034f8        0x4 C:/ST/STM32CubeIDE_1.17.0/STM32CubeIDE/plugins/com.st.stm32cube.ide.mcu.externaltools.gnu-tools-for-stm32.12.3.rel1.win32_1.1.0.202410251130/tools/bin/../lib/gcc/arm-none-eabi/12.3.1/thumb/v7e-m+fp/hard/crti.o
                0x080034f8                _init
 .init          0x080034fc        0x8 C:/ST/STM32CubeIDE_1.17.0/STM32CubeIDE/plugins/com.st.stm32cube.ide.mcu.externaltools.gnu-tools-for-stm32.12.3.rel1.win32_1.1.0.202410251130/tools/bin/../lib/gcc/arm-none-eabi/12.3.1/thumb/v7e-m+fp/hard/crtn.o
 *(.fini)
 .fini          0x08003504        0x4 C:/ST/STM32CubeIDE_1.17.0/STM32CubeIDE/plugins/com.st.stm32cube.ide.mcu.externaltools.gnu-tools-for-stm32.12.3.rel1.win32_1.1.0.202410251130/tools/bin/../lib/gcc/arm-none-eabi/12.3.1/thumb/v7e-m+fp/hard/crti.o
                0x08003504                _fini
 .fini          0x08003508        0x8 C:/ST/STM32CubeIDE_1.17.0/STM32CubeIDE/plugins/com.st.stm32cube.ide.mcu.externaltools.gnu-tools-for-stm32.12.3.rel1.win32_1.1.0.202410251130/tools/bin/../lib/gcc/arm-none-eabi/12.3.1/thumb/v7e-m+fp/hard/crtn.o
                0x08003510                        . = ALIGN (0x4)
                0x08003510                        _etext = .

.vfp11_veneer   0x08003510        0x0
 .vfp11_veneer  0x08003510        0x0 linker stubs

.v4_bx          0x08003510        0x0
 .v4_bx         0x08003510        0x0 linker stubs

.iplt           0x08003510        0x0
 .iplt          0x08003510        0x0 C:/ST/STM32CubeIDE_1.17.0/STM32CubeIDE/plugins/com.st.stm32cube.ide.mcu.externaltools.gnu-tools-for-stm32.12.3.rel1.win32_1.1.0.202410251130/tools/bin/../lib/gcc/arm-none-eabi/12.3.1/thumb/v7e-m+fp/hard/crtbegin.o

.rodata         0x08003510      0x81c
                0x08003510                        . = ALIGN (0x4)
 *(.rodata)
 *(.rodata*)
 .rodata.AHBPrescTable
                0x08003510       0x10 ./Core/Src/system_stm32f4xx.o
                0x08003510                AHBPrescTable
 .rodata.flagBitshiftOffset.0
                0x08003520        0x8 ./Drivers/STM32F4xx_HAL_Driver/Src/stm32f4xx_hal_dma.o
 .rodata.sinTable_f32
                0x08003528      0x804 ../Middlewares/ST/ARM/DSP/Lib\libarm_cortexM4lf_math.a(arm_common_tables.o)
                0x08003528                sinTable_f32
                0x08003d2c                        . = ALIGN (0x4)

.ARM.extab      0x08003d2c        0x0
                0x08003d2c                        . = ALIGN (0x4)
 *(.ARM.extab* .gnu.linkonce.armextab.*)
                0x08003d2c                        . = ALIGN (0x4)

.ARM            0x08003d2c        0x8
                0x08003d2c                        . = ALIGN (0x4)
                0x08003d2c                        __exidx_start = .
 *(.ARM.exidx*)
 .ARM.exidx     0x08003d2c        0x8 C:/ST/STM32CubeIDE_1.17.0/STM32CubeIDE/plugins/com.st.stm32cube.ide.mcu.externaltools.gnu-tools-for-stm32.12.3.rel1.win32_1.1.0.202410251130/tools/bin/../lib/gcc/arm-none-eabi/12.3.1/thumb/v7e-m+fp/hard\libgcc.a(_udivmoddi4.o)
                0x08003d34                        __exidx_end = .
                0x08003d34                        . = ALIGN (0x4)

.preinit_array  0x08003d34        0x0
                0x08003d34                        . = ALIGN (0x4)
                0x08003d34                        PROVIDE (__preinit_array_start = .)
 *(.preinit_array*)
                0x08003d34                        PROVIDE (__preinit_array_end = .)
                0x08003d34                        . = ALIGN (0x4)

.init_array     0x08003d34        0x4
                0x08003d34                        . = ALIGN (0x4)
                0x08003d34                        PROVIDE (__init_array_start = .)
 *(SORT_BY_NAME(.init_array.*))
 *(.init_array*)
 .init_array    0x08003d34        0x4 C:/ST/STM32CubeIDE_1.17.0/STM32CubeIDE/plugins/com.st.stm32cube.ide.mcu.externaltools.gnu-tools-for-stm32.12.3.rel1.win32_1.1.0.202410251130/tools/bin/../lib/gcc/arm-none-eabi/12.3.1/thumb/v7e-m+fp/hard/crtbegin.o
                0x08003d38                        PROVIDE (__init_array_end = .)
                0x08003d38                        . = ALIGN (0x4)

.fini_array     0x08003d38        0x4
                0x08003d38                        . = ALIGN (0x4)
                [!provide]                        PROVIDE (__fini_array_start = .)
 *(SORT_BY_NAME(.fini_array.*))
 *(.fini_array*)
 .fini_array    0x08003d38        0x4 C:/ST/STM32CubeIDE_1.17.0/STM32CubeIDE/plugins/com.st.stm32cube.ide.mcu.externaltools.gnu-tools-for-stm32.12.3.rel1.win32_1.1.0.202410251130/tools/bin/../lib/gcc/arm-none-eabi/12.3.1/thumb/v7e-m+fp/hard/crtbegin.o
                [!provide]                        PROVIDE (__fini_array_end = .)
                0x08003d3c                        . = ALIGN (0x4)
                0x08003d3c                        _sidata = LOADADDR (.data)

.rel.dyn        0x08003d3c        0x0
 .rel.iplt      0x08003d3c        0x0 C:/ST/STM32CubeIDE_1.17.0/STM32CubeIDE/plugins/com.st.stm32cube.ide.mcu.externaltools.gnu-tools-for-stm32.12.3.rel1.win32_1.1.0.202410251130/tools/bin/../lib/gcc/arm-none-eabi/12.3.1/thumb/v7e-m+fp/hard/crtbegin.o

.data           0x20000000       0x10 load address 0x08003d3c
                0x20000000                        . = ALIGN (0x4)
                0x20000000                        _sdata = .
 *(.data)
 *(.data*)
 .data.uf       0x20000000        0x4 ./Core/Src/main.o
                0x20000000                uf
 .data.SystemCoreClock
                0x20000004        0x4 ./Core/Src/system_stm32f4xx.o
                0x20000004                SystemCoreClock
 .data.uwTickPrio
                0x20000008        0x4 ./Drivers/STM32F4xx_HAL_Driver/Src/stm32f4xx_hal.o
                0x20000008                uwTickPrio
 .data.uwTickFreq
                0x2000000c        0x1 ./Drivers/STM32F4xx_HAL_Driver/Src/stm32f4xx_hal.o
                0x2000000c                uwTickFreq
 *(.RamFunc)
 *(.RamFunc*)
                0x20000010                        . = ALIGN (0x4)
 *fill*         0x2000000d        0x3 
                0x20000010                        _edata = .

.igot.plt       0x20000010        0x0 load address 0x08003d4c
 .igot.plt      0x20000010        0x0 C:/ST/STM32CubeIDE_1.17.0/STM32CubeIDE/plugins/com.st.stm32cube.ide.mcu.externaltools.gnu-tools-for-stm32.12.3.rel1.win32_1.1.0.202410251130/tools/bin/../lib/gcc/arm-none-eabi/12.3.1/thumb/v7e-m+fp/hard/crtbegin.o
                0x20000010                        . = ALIGN (0x4)

.bss            0x20000010      0x57c load address 0x08003d4c
                0x20000010                        _sbss = .
                0x20000010                        __bss_start__ = _sbss
 *(.bss)
 .bss           0x20000010       0x1c C:/ST/STM32CubeIDE_1.17.0/STM32CubeIDE/plugins/com.st.stm32cube.ide.mcu.externaltools.gnu-tools-for-stm32.12.3.rel1.win32_1.1.0.202410251130/tools/bin/../lib/gcc/arm-none-eabi/12.3.1/thumb/v7e-m+fp/hard/crtbegin.o
 *(.bss*)
 .bss.angle     0x2000002c        0x4 ./Core/Src/main.o
                0x2000002c                angle
 .bss.sindat    0x20000030      0x4b0 ./Core/Src/main.o
                0x20000030                sindat
 .bss.htim1     0x200004e0       0x48 ./Core/Src/tim.o
                0x200004e0                htim1
 .bss.hdma_tim1_up
                0x20000528       0x60 ./Core/Src/tim.o
                0x20000528                hdma_tim1_up
 .bss.uwTick    0x20000588        0x4 ./Drivers/STM32F4xx_HAL_Driver/Src/stm32f4xx_hal.o
                0x20000588                uwTick
 *(COMMON)
                0x2000058c                        . = ALIGN (0x4)
                0x2000058c                        _ebss = .
                0x2000058c                        __bss_end__ = _ebss

._user_heap_stack
                0x2000058c      0x604 load address 0x08003d4c
                0x20000590                        . = ALIGN (0x8)
 *fill*         0x2000058c        0x4 
                [!provide]                        PROVIDE (end = .)
                0x20000590                        PROVIDE (_end = .)
                0x20000790                        . = (. + _Min_Heap_Size)
 *fill*         0x20000590      0x200 
                0x20000b90                        . = (. + _Min_Stack_Size)
 *fill*         0x20000790      0x400 
                0x20000b90                        . = ALIGN (0x8)

/DISCARD/
 libc.a(*)
 libm.a(*)
 libgcc.a(*)

.ARM.attributes
                0x00000000       0x30
 *(.ARM.attributes)
 .ARM.attributes
                0x00000000       0x22 C:/ST/STM32CubeIDE_1.17.0/STM32CubeIDE/plugins/com.st.stm32cube.ide.mcu.externaltools.gnu-tools-for-stm32.12.3.rel1.win32_1.1.0.202410251130/tools/bin/../lib/gcc/arm-none-eabi/12.3.1/thumb/v7e-m+fp/hard/crti.o
 .ARM.attributes
                0x00000022       0x34 C:/ST/STM32CubeIDE_1.17.0/STM32CubeIDE/plugins/com.st.stm32cube.ide.mcu.externaltools.gnu-tools-for-stm32.12.3.rel1.win32_1.1.0.202410251130/tools/bin/../lib/gcc/arm-none-eabi/12.3.1/thumb/v7e-m+fp/hard/crtbegin.o
 .ARM.attributes
                0x00000056       0x34 ./Core/Src/dma.o
 .ARM.attributes
                0x0000008a       0x34 ./Core/Src/gpio.o
 .ARM.attributes
                0x000000be       0x34 ./Core/Src/main.o
 .ARM.attributes
                0x000000f2       0x34 ./Core/Src/stm32f4xx_hal_msp.o
 .ARM.attributes
                0x00000126       0x34 ./Core/Src/stm32f4xx_it.o
 .ARM.attributes
                0x0000015a       0x34 ./Core/Src/system_stm32f4xx.o
 .ARM.attributes
                0x0000018e       0x34 ./Core/Src/tim.o
 .ARM.attributes
                0x000001c2       0x21 ./Core/Startup/startup_stm32f411ceux.o
 .ARM.attributes
                0x000001e3       0x34 ./Drivers/STM32F4xx_HAL_Driver/Src/stm32f4xx_hal.o
 .ARM.attributes
                0x00000217       0x34 ./Drivers/STM32F4xx_HAL_Driver/Src/stm32f4xx_hal_cortex.o
 .ARM.attributes
                0x0000024b       0x34 ./Drivers/STM32F4xx_HAL_Driver/Src/stm32f4xx_hal_dma.o
 .ARM.attributes
                0x0000027f       0x34 ./Drivers/STM32F4xx_HAL_Driver/Src/stm32f4xx_hal_gpio.o
 .ARM.attributes
                0x000002b3       0x34 ./Drivers/STM32F4xx_HAL_Driver/Src/stm32f4xx_hal_rcc.o
 .ARM.attributes
                0x000002e7       0x34 ./Drivers/STM32F4xx_HAL_Driver/Src/stm32f4xx_hal_tim.o
 .ARM.attributes
                0x0000031b       0x34 ./Drivers/STM32F4xx_HAL_Driver/Src/stm32f4xx_hal_tim_ex.o
 .ARM.attributes
                0x0000034f       0x34 ../Middlewares/ST/ARM/DSP/Lib\libarm_cortexM4lf_math.a(arm_sin_f32.o)
 .ARM.attributes
                0x00000383       0x39 ../Middlewares/ST/ARM/DSP/Lib\libarm_cortexM4lf_math.a(arm_common_tables.o)
 .ARM.attributes
                0x000003bc       0x34 C:/ST/STM32CubeIDE_1.17.0/STM32CubeIDE/plugins/com.st.stm32cube.ide.mcu.externaltools.gnu-tools-for-stm32.12.3.rel1.win32_1.1.0.202410251130/tools/bin/../lib/gcc/arm-none-eabi/12.3.1/../../../../arm-none-eabi/lib/thumb/v7e-m+fp/hard\libc_nano.a(libc_a-memset.o)
 .ARM.attributes
                0x000003f0       0x34 C:/ST/STM32CubeIDE_1.17.0/STM32CubeIDE/plugins/com.st.stm32cube.ide.mcu.externaltools.gnu-tools-for-stm32.12.3.rel1.win32_1.1.0.202410251130/tools/bin/../lib/gcc/arm-none-eabi/12.3.1/../../../../arm-none-eabi/lib/thumb/v7e-m+fp/hard\libc_nano.a(libc_a-init.o)
 .ARM.attributes
                0x00000424       0x22 C:/ST/STM32CubeIDE_1.17.0/STM32CubeIDE/plugins/com.st.stm32cube.ide.mcu.externaltools.gnu-tools-for-stm32.12.3.rel1.win32_1.1.0.202410251130/tools/bin/../lib/gcc/arm-none-eabi/12.3.1/thumb/v7e-m+fp/hard\libgcc.a(_aeabi_uldivmod.o)
 .ARM.attributes
                0x00000446       0x34 C:/ST/STM32CubeIDE_1.17.0/STM32CubeIDE/plugins/com.st.stm32cube.ide.mcu.externaltools.gnu-tools-for-stm32.12.3.rel1.win32_1.1.0.202410251130/tools/bin/../lib/gcc/arm-none-eabi/12.3.1/thumb/v7e-m+fp/hard\libgcc.a(_udivmoddi4.o)
 .ARM.attributes
                0x0000047a       0x22 C:/ST/STM32CubeIDE_1.17.0/STM32CubeIDE/plugins/com.st.stm32cube.ide.mcu.externaltools.gnu-tools-for-stm32.12.3.rel1.win32_1.1.0.202410251130/tools/bin/../lib/gcc/arm-none-eabi/12.3.1/thumb/v7e-m+fp/hard\libgcc.a(_dvmd_tls.o)
 .ARM.attributes
                0x0000049c       0x22 C:/ST/STM32CubeIDE_1.17.0/STM32CubeIDE/plugins/com.st.stm32cube.ide.mcu.externaltools.gnu-tools-for-stm32.12.3.rel1.win32_1.1.0.202410251130/tools/bin/../lib/gcc/arm-none-eabi/12.3.1/thumb/v7e-m+fp/hard/crtn.o
OUTPUT(pwn.elf elf32-littlearm)
LOAD linker stubs
LOAD C:/ST/STM32CubeIDE_1.17.0/STM32CubeIDE/plugins/com.st.stm32cube.ide.mcu.externaltools.gnu-tools-for-stm32.12.3.rel1.win32_1.1.0.202410251130/tools/bin/../lib/gcc/arm-none-eabi/12.3.1/../../../../arm-none-eabi/lib/thumb/v7e-m+fp/hard\libc.a
LOAD C:/ST/STM32CubeIDE_1.17.0/STM32CubeIDE/plugins/com.st.stm32cube.ide.mcu.externaltools.gnu-tools-for-stm32.12.3.rel1.win32_1.1.0.202410251130/tools/bin/../lib/gcc/arm-none-eabi/12.3.1/../../../../arm-none-eabi/lib/thumb/v7e-m+fp/hard\libm.a
LOAD C:/ST/STM32CubeIDE_1.17.0/STM32CubeIDE/plugins/com.st.stm32cube.ide.mcu.externaltools.gnu-tools-for-stm32.12.3.rel1.win32_1.1.0.202410251130/tools/bin/../lib/gcc/arm-none-eabi/12.3.1/thumb/v7e-m+fp/hard\libgcc.a

.debug_info     0x00000000     0xcf7f
 .debug_info    0x00000000      0x445 ./Core/Src/dma.o
 .debug_info    0x00000445      0x291 ./Core/Src/gpio.o
 .debug_info    0x000006d6      0xbf0 ./Core/Src/main.o
 .debug_info    0x000012c6      0x291 ./Core/Src/stm32f4xx_hal_msp.o
 .debug_info    0x00001557      0x3bf ./Core/Src/stm32f4xx_it.o
 .debug_info    0x00001916      0x53e ./Core/Src/system_stm32f4xx.o
 .debug_info    0x00001e54      0xd08 ./Core/Src/tim.o
 .debug_info    0x00002b5c       0x30 ./Core/Startup/startup_stm32f411ceux.o
 .debug_info    0x00002b8c      0x8c4 ./Drivers/STM32F4xx_HAL_Driver/Src/stm32f4xx_hal.o
 .debug_info    0x00003450      0xcfc ./Drivers/STM32F4xx_HAL_Driver/Src/stm32f4xx_hal_cortex.o
 .debug_info    0x0000414c      0x8e6 ./Drivers/STM32F4xx_HAL_Driver/Src/stm32f4xx_hal_dma.o
 .debug_info    0x00004a32      0x6f9 ./Drivers/STM32F4xx_HAL_Driver/Src/stm32f4xx_hal_gpio.o
 .debug_info    0x0000512b      0x8f0 ./Drivers/STM32F4xx_HAL_Driver/Src/stm32f4xx_hal_rcc.o
 .debug_info    0x00005a1b     0x2996 ./Drivers/STM32F4xx_HAL_Driver/Src/stm32f4xx_hal_tim.o
 .debug_info    0x000083b1     0x14d4 ./Drivers/STM32F4xx_HAL_Driver/Src/stm32f4xx_hal_tim_ex.o
 .debug_info    0x00009885     0x1874 ../Middlewares/ST/ARM/DSP/Lib\libarm_cortexM4lf_math.a(arm_sin_f32.o)
 .debug_info    0x0000b0f9     0x1e86 ../Middlewares/ST/ARM/DSP/Lib\libarm_cortexM4lf_math.a(arm_common_tables.o)

.debug_abbrev   0x00000000     0x1ef8
 .debug_abbrev  0x00000000      0x10e ./Core/Src/dma.o
 .debug_abbrev  0x0000010e       0xd8 ./Core/Src/gpio.o
 .debug_abbrev  0x000001e6      0x268 ./Core/Src/main.o
 .debug_abbrev  0x0000044e       0xd8 ./Core/Src/stm32f4xx_hal_msp.o
 .debug_abbrev  0x00000526      0x138 ./Core/Src/stm32f4xx_it.o
 .debug_abbrev  0x0000065e      0x11a ./Core/Src/system_stm32f4xx.o
 .debug_abbrev  0x00000778      0x211 ./Core/Src/tim.o
 .debug_abbrev  0x00000989       0x24 ./Core/Startup/startup_stm32f411ceux.o
 .debug_abbrev  0x000009ad      0x24b ./Drivers/STM32F4xx_HAL_Driver/Src/stm32f4xx_hal.o
 .debug_abbrev  0x00000bf8      0x31d ./Drivers/STM32F4xx_HAL_Driver/Src/stm32f4xx_hal_cortex.o
 .debug_abbrev  0x00000f15      0x221 ./Drivers/STM32F4xx_HAL_Driver/Src/stm32f4xx_hal_dma.o
 .debug_abbrev  0x00001136      0x1d3 ./Drivers/STM32F4xx_HAL_Driver/Src/stm32f4xx_hal_gpio.o
 .debug_abbrev  0x00001309      0x2b6 ./Drivers/STM32F4xx_HAL_Driver/Src/stm32f4xx_hal_rcc.o
 .debug_abbrev  0x000015bf      0x28b ./Drivers/STM32F4xx_HAL_Driver/Src/stm32f4xx_hal_tim.o
 .debug_abbrev  0x0000184a      0x296 ./Drivers/STM32F4xx_HAL_Driver/Src/stm32f4xx_hal_tim_ex.o
 .debug_abbrev  0x00001ae0      0x22c ../Middlewares/ST/ARM/DSP/Lib\libarm_cortexM4lf_math.a(arm_sin_f32.o)
 .debug_abbrev  0x00001d0c      0x1ec ../Middlewares/ST/ARM/DSP/Lib\libarm_cortexM4lf_math.a(arm_common_tables.o)

.debug_aranges  0x00000000      0xa80
 .debug_aranges
                0x00000000       0x20 ./Core/Src/dma.o
 .debug_aranges
                0x00000020       0x20 ./Core/Src/gpio.o
 .debug_aranges
                0x00000040       0x30 ./Core/Src/main.o
 .debug_aranges
                0x00000070       0x20 ./Core/Src/stm32f4xx_hal_msp.o
 .debug_aranges
                0x00000090       0x68 ./Core/Src/stm32f4xx_it.o
 .debug_aranges
                0x000000f8       0x28 ./Core/Src/system_stm32f4xx.o
 .debug_aranges
                0x00000120       0x38 ./Core/Src/tim.o
 .debug_aranges
                0x00000158       0x28 ./Core/Startup/startup_stm32f411ceux.o
 .debug_aranges
                0x00000180       0xf0 ./Drivers/STM32F4xx_HAL_Driver/Src/stm32f4xx_hal.o
 .debug_aranges
                0x00000270      0x130 ./Drivers/STM32F4xx_HAL_Driver/Src/stm32f4xx_hal_cortex.o
 .debug_aranges
                0x000003a0       0x90 ./Drivers/STM32F4xx_HAL_Driver/Src/stm32f4xx_hal_dma.o
 .debug_aranges
                0x00000430       0x58 ./Drivers/STM32F4xx_HAL_Driver/Src/stm32f4xx_hal_gpio.o
 .debug_aranges
                0x00000488       0x88 ./Drivers/STM32F4xx_HAL_Driver/Src/stm32f4xx_hal_rcc.o
 .debug_aranges
                0x00000510      0x3d0 ./Drivers/STM32F4xx_HAL_Driver/Src/stm32f4xx_hal_tim.o
 .debug_aranges
                0x000008e0      0x168 ./Drivers/STM32F4xx_HAL_Driver/Src/stm32f4xx_hal_tim_ex.o
 .debug_aranges
                0x00000a48       0x20 ../Middlewares/ST/ARM/DSP/Lib\libarm_cortexM4lf_math.a(arm_sin_f32.o)
 .debug_aranges
                0x00000a68       0x18 ../Middlewares/ST/ARM/DSP/Lib\libarm_cortexM4lf_math.a(arm_common_tables.o)

.debug_rnglists
                0x00000000      0x7e0
 .debug_rnglists
                0x00000000       0x13 ./Core/Src/dma.o
 .debug_rnglists
                0x00000013       0x13 ./Core/Src/gpio.o
 .debug_rnglists
                0x00000026       0x21 ./Core/Src/main.o
 .debug_rnglists
                0x00000047       0x13 ./Core/Src/stm32f4xx_hal_msp.o
 .debug_rnglists
                0x0000005a       0x49 ./Core/Src/stm32f4xx_it.o
 .debug_rnglists
                0x000000a3       0x1a ./Core/Src/system_stm32f4xx.o
 .debug_rnglists
                0x000000bd       0x27 ./Core/Src/tim.o
 .debug_rnglists
                0x000000e4       0x19 ./Core/Startup/startup_stm32f411ceux.o
 .debug_rnglists
                0x000000fd       0xaf ./Drivers/STM32F4xx_HAL_Driver/Src/stm32f4xx_hal.o
 .debug_rnglists
                0x000001ac       0xe0 ./Drivers/STM32F4xx_HAL_Driver/Src/stm32f4xx_hal_cortex.o
 .debug_rnglists
                0x0000028c       0x70 ./Drivers/STM32F4xx_HAL_Driver/Src/stm32f4xx_hal_dma.o
 .debug_rnglists
                0x000002fc       0x3f ./Drivers/STM32F4xx_HAL_Driver/Src/stm32f4xx_hal_gpio.o
 .debug_rnglists
                0x0000033b       0x66 ./Drivers/STM32F4xx_HAL_Driver/Src/stm32f4xx_hal_rcc.o
 .debug_rnglists
                0x000003a1      0x31a ./Drivers/STM32F4xx_HAL_Driver/Src/stm32f4xx_hal_tim.o
 .debug_rnglists
                0x000006bb      0x125 ./Drivers/STM32F4xx_HAL_Driver/Src/stm32f4xx_hal_tim_ex.o

.debug_macro    0x00000000    0x16826
 .debug_macro   0x00000000      0x1d8 ./Core/Src/dma.o
 .debug_macro   0x000001d8      0xaba ./Core/Src/dma.o
 .debug_macro   0x00000c92      0x295 ./Core/Src/dma.o
 .debug_macro   0x00000f27       0x2e ./Core/Src/dma.o
 .debug_macro   0x00000f55       0x28 ./Core/Src/dma.o
 .debug_macro   0x00000f7d       0x22 ./Core/Src/dma.o
 .debug_macro   0x00000f9f       0x8e ./Core/Src/dma.o
 .debug_macro   0x0000102d       0x51 ./Core/Src/dma.o
 .debug_macro   0x0000107e      0x103 ./Core/Src/dma.o
 .debug_macro   0x00001181       0x6a ./Core/Src/dma.o
 .debug_macro   0x000011eb      0x1df ./Core/Src/dma.o
 .debug_macro   0x000013ca       0x1c ./Core/Src/dma.o
 .debug_macro   0x000013e6       0x22 ./Core/Src/dma.o
 .debug_macro   0x00001408       0xfb ./Core/Src/dma.o
 .debug_macro   0x00001503     0x1011 ./Core/Src/dma.o
 .debug_macro   0x00002514      0x11f ./Core/Src/dma.o
 .debug_macro   0x00002633     0xb953 ./Core/Src/dma.o
 .debug_macro   0x0000df86       0x6d ./Core/Src/dma.o
 .debug_macro   0x0000dff3     0x369a ./Core/Src/dma.o
 .debug_macro   0x0001168d      0x189 ./Core/Src/dma.o
 .debug_macro   0x00011816       0x5c ./Core/Src/dma.o
 .debug_macro   0x00011872      0x45c ./Core/Src/dma.o
 .debug_macro   0x00011cce      0x9e9 ./Core/Src/dma.o
 .debug_macro   0x000126b7      0x115 ./Core/Src/dma.o
 .debug_macro   0x000127cc      0x11b ./Core/Src/dma.o
 .debug_macro   0x000128e7       0xa5 ./Core/Src/dma.o
 .debug_macro   0x0001298c      0x15f ./Core/Src/dma.o
 .debug_macro   0x00012aeb      0x287 ./Core/Src/dma.o
 .debug_macro   0x00012d72       0x5f ./Core/Src/dma.o
 .debug_macro   0x00012dd1      0x236 ./Core/Src/dma.o
 .debug_macro   0x00013007      0x132 ./Core/Src/dma.o
 .debug_macro   0x00013139      0x264 ./Core/Src/dma.o
 .debug_macro   0x0001339d       0x2e ./Core/Src/dma.o
 .debug_macro   0x000133cb      0x127 ./Core/Src/dma.o
 .debug_macro   0x000134f2       0x85 ./Core/Src/dma.o
 .debug_macro   0x00013577       0x89 ./Core/Src/dma.o
 .debug_macro   0x00013600      0x8ed ./Core/Src/dma.o
 .debug_macro   0x00013eed       0x47 ./Core/Src/dma.o
 .debug_macro   0x00013f34      0x126 ./Core/Src/dma.o
 .debug_macro   0x0001405a      0x1d8 ./Core/Src/gpio.o
 .debug_macro   0x00014232      0x32f ./Core/Src/main.o
 .debug_macro   0x00014561       0x61 ./Core/Src/main.o
 .debug_macro   0x000145c2       0x2a ./Core/Src/main.o
 .debug_macro   0x000145ec       0x43 ./Core/Src/main.o
 .debug_macro   0x0001462f       0x34 ./Core/Src/main.o
 .debug_macro   0x00014663       0x16 ./Core/Src/main.o
 .debug_macro   0x00014679       0x43 ./Core/Src/main.o
 .debug_macro   0x000146bc       0x34 ./Core/Src/main.o
 .debug_macro   0x000146f0       0x10 ./Core/Src/main.o
 .debug_macro   0x00014700       0x58 ./Core/Src/main.o
 .debug_macro   0x00014758       0x8e ./Core/Src/main.o
 .debug_macro   0x000147e6       0x1c ./Core/Src/main.o
 .debug_macro   0x00014802      0x177 ./Core/Src/main.o
 .debug_macro   0x00014979      0x369 ./Core/Src/main.o
 .debug_macro   0x00014ce2       0x10 ./Core/Src/main.o
 .debug_macro   0x00014cf2       0x35 ./Core/Src/main.o
 .debug_macro   0x00014d27       0x20 ./Core/Src/main.o
 .debug_macro   0x00014d47      0x19b ./Core/Src/main.o
 .debug_macro   0x00014ee2      0x201 ./Core/Src/main.o
 .debug_macro   0x000150e3       0x7c ./Core/Src/main.o
 .debug_macro   0x0001515f       0x17 ./Core/Src/main.o
 .debug_macro   0x00015176      0x118 ./Core/Src/main.o
 .debug_macro   0x0001528e      0x169 ./Core/Src/main.o
 .debug_macro   0x000153f7      0x1ce ./Core/Src/stm32f4xx_hal_msp.o
 .debug_macro   0x000155c5      0x1d8 ./Core/Src/stm32f4xx_it.o
 .debug_macro   0x0001579d      0x1c4 ./Core/Src/system_stm32f4xx.o
 .debug_macro   0x00015961      0x1d8 ./Core/Src/tim.o
 .debug_macro   0x00015b39      0x224 ./Drivers/STM32F4xx_HAL_Driver/Src/stm32f4xx_hal.o
 .debug_macro   0x00015d5d      0x1c4 ./Drivers/STM32F4xx_HAL_Driver/Src/stm32f4xx_hal_cortex.o
 .debug_macro   0x00015f21      0x1ca ./Drivers/STM32F4xx_HAL_Driver/Src/stm32f4xx_hal_dma.o
 .debug_macro   0x000160eb      0x1ca ./Drivers/STM32F4xx_HAL_Driver/Src/stm32f4xx_hal_gpio.o
 .debug_macro   0x000162b5      0x1e8 ./Drivers/STM32F4xx_HAL_Driver/Src/stm32f4xx_hal_rcc.o
 .debug_macro   0x0001649d      0x1c5 ./Drivers/STM32F4xx_HAL_Driver/Src/stm32f4xx_hal_tim.o
 .debug_macro   0x00016662      0x1c4 ./Drivers/STM32F4xx_HAL_Driver/Src/stm32f4xx_hal_tim_ex.o

.debug_line     0x00000000     0xcd26
 .debug_line    0x00000000      0x72a ./Core/Src/dma.o
 .debug_line    0x0000072a      0x72b ./Core/Src/gpio.o
 .debug_line    0x00000e55      0xb94 ./Core/Src/main.o
 .debug_line    0x000019e9      0x72e ./Core/Src/stm32f4xx_hal_msp.o
 .debug_line    0x00002117      0x809 ./Core/Src/stm32f4xx_it.o
 .debug_line    0x00002920      0x7b3 ./Core/Src/system_stm32f4xx.o
 .debug_line    0x000030d3      0x850 ./Core/Src/tim.o
 .debug_line    0x00003923       0x7a ./Core/Startup/startup_stm32f411ceux.o
 .debug_line    0x0000399d      0xa1c ./Drivers/STM32F4xx_HAL_Driver/Src/stm32f4xx_hal.o
 .debug_line    0x000043b9      0xd0e ./Drivers/STM32F4xx_HAL_Driver/Src/stm32f4xx_hal_cortex.o
 .debug_line    0x000050c7      0xf8c ./Drivers/STM32F4xx_HAL_Driver/Src/stm32f4xx_hal_dma.o
 .debug_line    0x00006053      0xb6c ./Drivers/STM32F4xx_HAL_Driver/Src/stm32f4xx_hal_gpio.o
 .debug_line    0x00006bbf      0xda5 ./Drivers/STM32F4xx_HAL_Driver/Src/stm32f4xx_hal_rcc.o
 .debug_line    0x00007964     0x359a ./Drivers/STM32F4xx_HAL_Driver/Src/stm32f4xx_hal_tim.o
 .debug_line    0x0000aefe     0x19ad ./Drivers/STM32F4xx_HAL_Driver/Src/stm32f4xx_hal_tim_ex.o
 .debug_line    0x0000c8ab      0x284 ../Middlewares/ST/ARM/DSP/Lib\libarm_cortexM4lf_math.a(arm_sin_f32.o)
 .debug_line    0x0000cb2f      0x1f7 ../Middlewares/ST/ARM/DSP/Lib\libarm_cortexM4lf_math.a(arm_common_tables.o)

.debug_str      0x00000000    0x8dadb
 .debug_str     0x00000000    0x85361 ./Core/Src/dma.o
                              0x855e1 (size before relaxing)
 .debug_str     0x00085361       0x2c ./Core/Src/gpio.o
                              0x8521c (size before relaxing)
 .debug_str     0x0008538d     0x51ba ./Core/Src/main.o
                              0x8a5bc (size before relaxing)
 .debug_str     0x0008a547       0x2c ./Core/Src/stm32f4xx_hal_msp.o
                              0x8521c (size before relaxing)
 .debug_str     0x0008a573      0x101 ./Core/Src/stm32f4xx_it.o
                              0x85428 (size before relaxing)
 .debug_str     0x0008a674       0xdb ./Core/Src/system_stm32f4xx.o
                              0x852cc (size before relaxing)
 .debug_str     0x0008a74f      0x339 ./Core/Src/tim.o
                              0x85aeb (size before relaxing)
 .debug_str     0x0008aa88       0x44 ./Core/Startup/startup_stm32f411ceux.o
                                 0x75 (size before relaxing)
 .debug_str     0x0008aacc      0x617 ./Drivers/STM32F4xx_HAL_Driver/Src/stm32f4xx_hal.o
                              0x85cf8 (size before relaxing)
 .debug_str     0x0008b0e3      0x384 ./Drivers/STM32F4xx_HAL_Driver/Src/stm32f4xx_hal_cortex.o
                              0x85a62 (size before relaxing)
 .debug_str     0x0008b467      0x2f6 ./Drivers/STM32F4xx_HAL_Driver/Src/stm32f4xx_hal_dma.o
                              0x856d4 (size before relaxing)
 .debug_str     0x0008b75d      0x16d ./Drivers/STM32F4xx_HAL_Driver/Src/stm32f4xx_hal_gpio.o
                              0x85447 (size before relaxing)
 .debug_str     0x0008b8ca      0x233 ./Drivers/STM32F4xx_HAL_Driver/Src/stm32f4xx_hal_rcc.o
                              0x85700 (size before relaxing)
 .debug_str     0x0008bafd      0xd46 ./Drivers/STM32F4xx_HAL_Driver/Src/stm32f4xx_hal_tim.o
                              0x86644 (size before relaxing)
 .debug_str     0x0008c843      0x3e1 ./Drivers/STM32F4xx_HAL_Driver/Src/stm32f4xx_hal_tim_ex.o
                              0x85e50 (size before relaxing)
 .debug_str     0x0008cc24      0xe89 ../Middlewares/ST/ARM/DSP/Lib\libarm_cortexM4lf_math.a(arm_sin_f32.o)
                                0xfb7 (size before relaxing)
 .debug_str     0x0008daad       0x2e ../Middlewares/ST/ARM/DSP/Lib\libarm_cortexM4lf_math.a(arm_common_tables.o)
                                0xf92 (size before relaxing)

.comment        0x00000000       0xbc
 .comment       0x00000000       0x43 ./Core/Src/dma.o
                                 0x44 (size before relaxing)
 .comment       0x00000043       0x44 ./Core/Src/gpio.o
 .comment       0x00000043       0x44 ./Core/Src/main.o
 .comment       0x00000043       0x44 ./Core/Src/stm32f4xx_hal_msp.o
 .comment       0x00000043       0x44 ./Core/Src/stm32f4xx_it.o
 .comment       0x00000043       0x44 ./Core/Src/system_stm32f4xx.o
 .comment       0x00000043       0x44 ./Core/Src/tim.o
 .comment       0x00000043       0x44 ./Drivers/STM32F4xx_HAL_Driver/Src/stm32f4xx_hal.o
 .comment       0x00000043       0x44 ./Drivers/STM32F4xx_HAL_Driver/Src/stm32f4xx_hal_cortex.o
 .comment       0x00000043       0x44 ./Drivers/STM32F4xx_HAL_Driver/Src/stm32f4xx_hal_dma.o
 .comment       0x00000043       0x44 ./Drivers/STM32F4xx_HAL_Driver/Src/stm32f4xx_hal_gpio.o
 .comment       0x00000043       0x44 ./Drivers/STM32F4xx_HAL_Driver/Src/stm32f4xx_hal_rcc.o
 .comment       0x00000043       0x44 ./Drivers/STM32F4xx_HAL_Driver/Src/stm32f4xx_hal_tim.o
 .comment       0x00000043       0x44 ./Drivers/STM32F4xx_HAL_Driver/Src/stm32f4xx_hal_tim_ex.o
 .comment       0x00000043       0x79 ../Middlewares/ST/ARM/DSP/Lib\libarm_cortexM4lf_math.a(arm_sin_f32.o)
                                 0x7a (size before relaxing)
 .comment       0x000000bc       0x7a ../Middlewares/ST/ARM/DSP/Lib\libarm_cortexM4lf_math.a(arm_common_tables.o)

.debug_frame    0x00000000     0x29f8
 .debug_frame   0x00000000       0x34 ./Core/Src/dma.o
 .debug_frame   0x00000034       0x38 ./Core/Src/gpio.o
 .debug_frame   0x0000006c       0x74 ./Core/Src/main.o
 .debug_frame   0x000000e0       0x38 ./Core/Src/stm32f4xx_hal_msp.o
 .debug_frame   0x00000118      0x120 ./Core/Src/stm32f4xx_it.o
 .debug_frame   0x00000238       0x58 ./Core/Src/system_stm32f4xx.o
 .debug_frame   0x00000290       0xa0 ./Core/Src/tim.o
 .debug_frame   0x00000330      0x374 ./Drivers/STM32F4xx_HAL_Driver/Src/stm32f4xx_hal.o
 .debug_frame   0x000006a4      0x508 ./Drivers/STM32F4xx_HAL_Driver/Src/stm32f4xx_hal_cortex.o
 .debug_frame   0x00000bac      0x250 ./Drivers/STM32F4xx_HAL_Driver/Src/stm32f4xx_hal_dma.o
 .debug_frame   0x00000dfc      0x14c ./Drivers/STM32F4xx_HAL_Driver/Src/stm32f4xx_hal_gpio.o
 .debug_frame   0x00000f48      0x1f4 ./Drivers/STM32F4xx_HAL_Driver/Src/stm32f4xx_hal_rcc.o
 .debug_frame   0x0000113c     0x11b8 ./Drivers/STM32F4xx_HAL_Driver/Src/stm32f4xx_hal_tim.o
 .debug_frame   0x000022f4      0x638 ./Drivers/STM32F4xx_HAL_Driver/Src/stm32f4xx_hal_tim_ex.o
 .debug_frame   0x0000292c       0x20 ../Middlewares/ST/ARM/DSP/Lib\libarm_cortexM4lf_math.a(arm_sin_f32.o)
 .debug_frame   0x0000294c       0x20 C:/ST/STM32CubeIDE_1.17.0/STM32CubeIDE/plugins/com.st.stm32cube.ide.mcu.externaltools.gnu-tools-for-stm32.12.3.rel1.win32_1.1.0.202410251130/tools/bin/../lib/gcc/arm-none-eabi/12.3.1/../../../../arm-none-eabi/lib/thumb/v7e-m+fp/hard\libc_nano.a(libc_a-memset.o)
 .debug_frame   0x0000296c       0x2c C:/ST/STM32CubeIDE_1.17.0/STM32CubeIDE/plugins/com.st.stm32cube.ide.mcu.externaltools.gnu-tools-for-stm32.12.3.rel1.win32_1.1.0.202410251130/tools/bin/../lib/gcc/arm-none-eabi/12.3.1/../../../../arm-none-eabi/lib/thumb/v7e-m+fp/hard\libc_nano.a(libc_a-init.o)
 .debug_frame   0x00002998       0x2c C:/ST/STM32CubeIDE_1.17.0/STM32CubeIDE/plugins/com.st.stm32cube.ide.mcu.externaltools.gnu-tools-for-stm32.12.3.rel1.win32_1.1.0.202410251130/tools/bin/../lib/gcc/arm-none-eabi/12.3.1/thumb/v7e-m+fp/hard\libgcc.a(_aeabi_uldivmod.o)
 .debug_frame   0x000029c4       0x34 C:/ST/STM32CubeIDE_1.17.0/STM32CubeIDE/plugins/com.st.stm32cube.ide.mcu.externaltools.gnu-tools-for-stm32.12.3.rel1.win32_1.1.0.202410251130/tools/bin/../lib/gcc/arm-none-eabi/12.3.1/thumb/v7e-m+fp/hard\libgcc.a(_udivmoddi4.o)

.debug_line_str
                0x00000000       0x59
 .debug_line_str
                0x00000000       0x59 ./Core/Startup/startup_stm32f411ceux.o

.debug_loc      0x00000000       0xfa
 .debug_loc     0x00000000       0xfa ../Middlewares/ST/ARM/DSP/Lib\libarm_cortexM4lf_math.a(arm_sin_f32.o)

.debug_ranges   0x00000000       0x10
 .debug_ranges  0x00000000       0x10 ../Middlewares/ST/ARM/DSP/Lib\libarm_cortexM4lf_math.a(arm_sin_f32.o)
